HI-TECH Software C Compiler 

Linker command line:

--edf=C:\Program Files\HI-TECH Software\PICC\9.83\dat\en_msgs.txt -cs \
  -h+NEC IR Remote 5Sw.sym -z -Q12F615 -ol.obj -MNEC IR Remote 5Sw.map -E1 \
  -ACONST=00h-0FFhx4 -ACODE=00h-03FFh -ASTRCODE=00h-03FFh \
  -AENTRY=00h-0FFhx4 -ASTRING=00h-0FFhx4 -ABANK0=040h-06Fh -ARAM=040h-06Fh \
  -AABS1=040h-07Fh -ACOMMON=070h-07Fh -ASFR0=00h-03Fh -ASFR1=080h-0EFh \
  -preset_vec=00h,intentry=04h,init,end_init -ppowerup=CODE -pfunctab=CODE \
  -ACONFIG=02007h-02007h -pconfig=CONFIG -DCONFIG=2 -AIDLOC=02000h-02003h \
  -pidloc=IDLOC -DIDLOC=2 -DCODE=2 -DSTRCODE=2 -DSTRING=2 -DCONST=2 \
  -DENTRY=2 -k startup.obj NEC IR Remote 5Sw.obj 

Object code version is 3.10

Machine type is 12F615



                Name                               Link     Load   Length Selector   Space Scale
startup.obj     end_init                              F        F        1        8       0
                reset_vec                             0        0        1        0       0
NEC IR Remote 5Sw.obj
                intentry                              4        4        B        8       0
                config                             2007     2007        1     400E       0
                text117                              94       94       30        8       0
                text116                              C4       C4       25        8       0
                text115                              60       60       34        8       0
                text114                              10       10       50        8       0
                maintext                             E9       E9       1E        8       0
                cstackCOMMON                         70       70        E       70       1
                cinit                               107      107        2        8       0

TOTAL           Name                               Link     Load   Length     Space
        CLASS   CONST          

        CLASS   CODE           
                end_init                              F        F        1         0
                intentry                              4        4        B         0
                reset_vec                             0        0        1         0
                text117                              94       94       30         0
                text116                              C4       C4       25         0
                text115                              60       60       34         0
                text114                              10       10       50         0
                maintext                             E9       E9       1E         0
                cinit                               107      107        2         0

        CLASS   STRCODE        

        CLASS   ENTRY          

        CLASS   STRING         

        CLASS   BANK0          

        CLASS   RAM            

        CLASS   ABS1           
                abs_s1                               7E       7E        2         1

        CLASS   COMMON         
                cstackCOMMON                         70       70        E         1

        CLASS   SFR0           

        CLASS   SFR1           

        CLASS   CONFIG         
                config                             2007     2007        1         0

        CLASS   IDLOC          

        CLASS   BANK1          

        CLASS   EEDATA         



SEGMENTS        Name                           Load    Length   Top    Selector   Space  Class     Delta

                reset_vec                      000000  000001  000001         0       0  CODE        2
                intentry                       000004  000105  000109         8       0  CODE        2
                cstackCOMMON                   000070  00000E  00007E        70       1  COMMON      1
                config                         002007  000001  002008      400E       0  CONFIG      2


UNUSED ADDRESS RANGES

        Name                Unused          Largest block    Delta
        BANK0            0040-006F             30           1
        CODE             0001-0003              3           2
                         0109-03FF            2F7
        CONST            0001-0003              3           2
                         0109-03FF            100
        ENTRY            0001-0003              3           2
                         0109-03FF            100
        IDLOC            2000-2003              4           2
        RAM              0040-006F             30           1
        SFR0             0000-003F             40           1
        SFR1             0080-00EF             70           1
        STRCODE          0001-0003              3           2
                         0109-03FF            2F7
        STRING           0001-0003              3           2
                         0109-03FF            100

                                  Symbol Table

??_main               cstackBANK0  0000
??_sendByte           cstackCOMMON 0070
??_sendFrame          cstackCOMMON 0075
??_sendRepeate        cstackCOMMON 0070
??_swInt              cstackCOMMON 0078
?_main                cstackCOMMON 0070
?_sendByte            cstackCOMMON 0070
?_sendFrame           cstackCOMMON 0074
?_sendRepeate         cstackCOMMON 0070
?_swInt               cstackCOMMON 0070
_ANSEL                (abs)        009F
_CCP1CON              (abs)        0015
_CCP1CONbits          (abs)        0015
_CCPR1L               (abs)        0013
_CMCON0bits           (abs)        001A
_GPIO                 (abs)        0005
_GPIObits             (abs)        0005
_INTCONbits           (abs)        000B
_IOC                  (abs)        0096
_OPTION_REG           (abs)        0081
_PR2                  (abs)        0092
_T2CON                (abs)        0012
_TMR2                 (abs)        0011
_TRISIO               (abs)        0085
_WPU                  (abs)        0095
__Habs1               abs1         0000
__Hbank0              bank0        0000
__Hbank1              bank1        0000
__Hcinit              cinit        0000
__Hclrtext            clrtext      0000
__Hcode               code         0000
__Hcommon             common       0000
__Hconfig             config       2008
__HcstackBANK0        cstackBANK0  0000
__HcstackCOMMON       cstackCOMMON 0000
__Heeprom_data        eeprom_data  0000
__Hend_init           end_init     0010
__Hfunctab            functab      0000
__Hidloc              idloc        0000
__Hinit               init         000F
__Hintentry           intentry     000F
__Hmaintext           maintext     0000
__Hpa_nodes           pa_nodes     0000
__Hpowerup            powerup      0000
__Hram                ram          0000
__Hreset_vec          reset_vec    0001
__Hsfr0               sfr0         0000
__Hsfr1               sfr1         0000
__Hstrings            strings      0000
__Htext               text         0000
__Labs1               abs1         0000
__Lbank0              bank0        0000
__Lbank1              bank1        0000
__Lcinit              cinit        0000
__Lclrtext            clrtext      0000
__Lcode               code         0000
__Lcommon             common       0000
__Lconfig             config       2007
__LcstackBANK0        cstackBANK0  0000
__LcstackCOMMON       cstackCOMMON 0000
__Leeprom_data        eeprom_data  0000
__Lend_init           end_init     000F
__Lfunctab            functab      0000
__Lidloc              idloc        0000
__Linit               init         000F
__Lintentry           intentry     0004
__Lmaintext           maintext     0000
__Lpa_nodes           pa_nodes     0000
__Lpowerup            powerup      0000
__Lram                ram          0000
__Lreset_vec          reset_vec    0000
__Lsfr0               sfr0         0000
__Lsfr1               sfr1         0000
__Lstrings            strings      0000
__Ltext               text         0000
__S0                  (abs)        2008
__S1                  (abs)        007E
__end_of_main         maintext     0107
__end_of_sendByte     text116      00E9
__end_of_sendFrame    text115      0094
__end_of_sendRepeate  text117      00BE
__end_of_swInt        text114      0060
__pcstackBANK0        cstackBANK0  0000
__pcstackCOMMON       cstackCOMMON 0070
__pintentry           intentry     0004
__pmaintext           maintext     00E9
__ptext113            text113      0000
__ptext114            text114      0010
__ptext115            text115      0060
__ptext116            text116      00C4
__ptext117            text117      0094
__ptext118            text118      0000
__size_of_main        (abs)        0000
__size_of_sendByte    (abs)        0000
__size_of_sendFrame   (abs)        0000
__size_of_sendRepeate (abs)        0000
__size_of_swInt       (abs)        0000
_exit                 init         000F
_main                 maintext     00E9
_sendByte             text116      00C4
_sendFrame            text115      0060
_sendRepeate          text117      0094
_swInt                text114      0010
btemp                 (abs)        007E
end_of_initialization cinit        0107
i1l1000                                
i1l1002                                
i1l1004                                
i1l1006                                
i1l1040                                
i1l1048                                
i1l1050                                
i1l1052                                
i1l1054                                
i1l1062                                
i1l1064                                
i1l545                                 
i1l552                                 
i1l555                                 
i1l924                                 
i1l928                                 
i1l962                                 
i1l964                                 
i1l966                                 
i1l968                                 
i1l970                                 
i1l972                                 
i1l974                                 
i1l976                                 
i1l978                                 
i1l980                                 
i1l982                                 
i1l984                                 
i1l986                                 
i1l988                                 
i1l990                                 
i1l992                                 
i1l994                                 
i1l996                                 
i1l998                                 
interrupt_function    intentry     0004
intlevel0             functab      0000
intlevel1             functab      0000
intlevel2             functab      0000
intlevel3             functab      0000
intlevel4             functab      0000
intlevel5             functab      0000
l1066                                  
l1068                                  
l1070                                  
l1072                                  
l1074                                  
l1076                                  
l1078                                  
l1080                                  
l1082                                  
l1084                                  
l1086                                  
l1088                                  
l1090                                  
l1092                                  
l1094                                  
reset_vec             reset_vec    0000
saved_w               (abs)        007E
sendByte@byte         cstackCOMMON 0072
sendByte@i            cstackCOMMON 0073
sendFrame@address     cstackCOMMON 0077
sendFrame@command     cstackCOMMON 0074
start                 init         000F
start_initialization  cinit        0107
wtemp0                (abs)        007E
